[dotenv@17.2.3] injecting env (7) from .env -- tip: ≡ƒöæ add access controls to secrets: https://dotenvx.com/ops
Testing gemini-1.5-flash...
Testing gemini-1.0-pro...
node : Error with 
gemini-1.5-flash: 
[GoogleGenerativeAI 
Error]: Error fetching 
from https://generative
language.googleapis.com
/v1beta/models/gemini-1
.5-flash:generateConten
t: [404 Not Found] mode
ls/gemini-1.5-flash is 
not found for API 
version v1beta, or is 
not supported for 
generateContent. Call 
ListModels to see the 
list of available 
models and their 
supported methods.
At line:1 char:1
+ node test_models.js 
> test_output.txt 2>&1
+ ~~~~~~~~~~~~~~~~~~~~~
~~~~~~~~~~~~~~~~~~~~~
    + CategoryInfo     
         : NotSpecifi  
  ed: (Error with ge   
 mi...ported method    
s.:String) [], Rem    
oteException
    + FullyQualifiedEr 
   rorId : NativeComm  
  andError
 
Error with 
gemini-1.0-pro: 
[GoogleGenerativeAI 
Error]: Error fetching 
from https://generative
language.googleapis.com
/v1beta/models/gemini-1
.0-pro:generateContent:
 [404 Not Found] 
models/gemini-1.0-pro 
is not found for API 
version v1beta, or is 
not supported for 
generateContent. Call 
ListModels to see the 
list of available 
models and their 
supported methods.
Testing gemini-pro...
Error with gemini-pro: 
[GoogleGenerativeAI 
Error]: Error fetching 
from https://generative
language.googleapis.com
/v1beta/models/gemini-p
ro:generateContent: 
[404 Not Found] 
models/gemini-pro is 
not found for API 
version v1beta, or is 
not supported for 
generateContent. Call 
ListModels to see the 
list of available 
models and their 
supported methods.
